2025-10-14 07:08:24,271 - neo4j_graphrag.indexes - INFO - Creating vector index named 'text_embeddings'
2025-10-14 07:08:26,335 - neo4j.notifications - INFO - Received notification from DBMS server: {severity: INFORMATION} {code: Neo.ClientNotification.Schema.IndexOrConstraintAlreadyExists} {category: SCHEMA} {title: `CREATE VECTOR INDEX text_embeddings IF NOT EXISTS FOR (e:Chunk) ON (e.embedding) OPTIONS {indexConfig: {`vector.dimensions`: toInteger($dimensions), `vector.similarity_function`: $similarity_fn}}` has no effect.} {description: `VECTOR INDEX text_embeddings FOR (e:Chunk) ON (e.embedding)` already exists.} {position: None} for query: 'CREATE VECTOR INDEX $name IF NOT EXISTS FOR (n:Chunk) ON n.embedding OPTIONS { indexConfig: { `vector.dimensions`: toInteger($dimensions), `vector.similarity_function`: $similarity_fn } }'
2025-10-14 07:08:26,336 - neo4j_graphrag.indexes - INFO - Creating vector index named 'text_embeddings'
2025-10-14 07:08:26,342 - neo4j.notifications - INFO - Received notification from DBMS server: {severity: INFORMATION} {code: Neo.ClientNotification.Schema.IndexOrConstraintAlreadyExists} {category: SCHEMA} {title: `CREATE VECTOR INDEX text_embeddings IF NOT EXISTS FOR (e:Chunk) ON (e.embedding) OPTIONS {indexConfig: {`vector.dimensions`: toInteger($dimensions), `vector.similarity_function`: $similarity_fn}}` has no effect.} {description: `VECTOR INDEX text_embeddings FOR (e:Chunk) ON (e.embedding)` already exists.} {position: None} for query: 'CREATE VECTOR INDEX $name IF NOT EXISTS FOR (n:Chunk) ON n.embedding OPTIONS { indexConfig: { `vector.dimensions`: toInteger($dimensions), `vector.similarity_function`: $similarity_fn } }'
2025-10-14 07:08:26,388 - graph_rag_agent.agent_tracker - INFO - AgentExecutionTracker initialized
2025-10-14 07:08:29,659 - multi_agent - INFO - [WORKFLOW] 任務指派型 Workflow 構建完成
2025-10-14 07:08:30,354 - httpx - INFO - HTTP Request: POST https://api.openai.com/v1/embeddings "HTTP/1.1 200 OK"
2025-10-14 07:08:30,771 - httpx - INFO - HTTP Request: POST https://api.openai.com/v1/embeddings "HTTP/1.1 200 OK"
2025-10-14 07:08:30,772 - multi_agent - INFO - [TASK_ANALYSIS] simple_greeting: 0.737
2025-10-14 07:08:31,145 - httpx - INFO - HTTP Request: POST https://api.openai.com/v1/embeddings "HTTP/1.1 200 OK"
2025-10-14 07:08:31,146 - multi_agent - INFO - [TASK_ANALYSIS] simple_maps: 0.815
2025-10-14 07:08:31,656 - httpx - INFO - HTTP Request: POST https://api.openai.com/v1/embeddings "HTTP/1.1 200 OK"
2025-10-14 07:08:31,657 - multi_agent - INFO - [TASK_ANALYSIS] chronic_disease: 0.783
2025-10-14 07:08:32,082 - httpx - INFO - HTTP Request: POST https://api.openai.com/v1/embeddings "HTTP/1.1 200 OK"
2025-10-14 07:08:32,084 - multi_agent - INFO - [TASK_ANALYSIS] cardiovascular: 0.834
2025-10-14 07:08:32,462 - httpx - INFO - HTTP Request: POST https://api.openai.com/v1/embeddings "HTTP/1.1 200 OK"
2025-10-14 07:08:32,464 - multi_agent - INFO - [TASK_ANALYSIS] fact_check: 0.752
2025-10-14 07:08:32,464 - multi_agent - INFO - [TASK_ANALYSIS] 查詢長度: 12, 醫療相似度: 0.834
2025-10-14 07:08:32,464 - multi_agent - INFO - [TASK_ANALYSIS] 識別為地點查詢 (信心度: 0.815, 優勢: -0.019, 關鍵字: True)
2025-10-14 07:08:32,895 - httpx - INFO - HTTP Request: POST https://api.openai.com/v1/embeddings "HTTP/1.1 200 OK"
2025-10-14 07:08:32,896 - multi_agent - INFO - [TASK_ANALYSIS] simple_greeting: 0.726
2025-10-14 07:08:32,896 - multi_agent - INFO - [TASK_ANALYSIS] simple_maps: 0.803
2025-10-14 07:08:32,896 - multi_agent - INFO - [TASK_ANALYSIS] chronic_disease: 0.762
2025-10-14 07:08:32,897 - multi_agent - INFO - [TASK_ANALYSIS] cardiovascular: 0.755
2025-10-14 07:08:32,897 - multi_agent - INFO - [TASK_ANALYSIS] fact_check: 0.733
2025-10-14 07:08:32,897 - multi_agent - INFO - [TASK_ANALYSIS] 查詢長度: 14, 醫療相似度: 0.762
2025-10-14 07:08:32,897 - multi_agent - INFO - [TASK_ANALYSIS] 識別為地點查詢 (信心度: 0.803, 優勢: 0.041, 關鍵字: True)
2025-10-14 07:08:33,296 - httpx - INFO - HTTP Request: POST https://api.openai.com/v1/embeddings "HTTP/1.1 200 OK"
2025-10-14 07:08:33,297 - multi_agent - INFO - [TASK_ANALYSIS] simple_greeting: 0.726
2025-10-14 07:08:33,297 - multi_agent - INFO - [TASK_ANALYSIS] simple_maps: 0.838
2025-10-14 07:08:33,297 - multi_agent - INFO - [TASK_ANALYSIS] chronic_disease: 0.764
2025-10-14 07:08:33,297 - multi_agent - INFO - [TASK_ANALYSIS] cardiovascular: 0.771
2025-10-14 07:08:33,297 - multi_agent - INFO - [TASK_ANALYSIS] fact_check: 0.736
2025-10-14 07:08:33,297 - multi_agent - INFO - [TASK_ANALYSIS] 查詢長度: 11, 醫療相似度: 0.771
2025-10-14 07:08:33,297 - multi_agent - INFO - [TASK_ANALYSIS] 識別為地點查詢 (信心度: 0.838, 優勢: 0.066, 關鍵字: True)
2025-10-14 07:08:33,584 - httpx - INFO - HTTP Request: POST https://api.openai.com/v1/embeddings "HTTP/1.1 200 OK"
2025-10-14 07:08:33,585 - multi_agent - INFO - [TASK_ANALYSIS] simple_greeting: 0.734
2025-10-14 07:08:33,585 - multi_agent - INFO - [TASK_ANALYSIS] simple_maps: 0.867
2025-10-14 07:08:33,585 - multi_agent - INFO - [TASK_ANALYSIS] chronic_disease: 0.757
2025-10-14 07:08:33,586 - multi_agent - INFO - [TASK_ANALYSIS] cardiovascular: 0.754
2025-10-14 07:08:33,586 - multi_agent - INFO - [TASK_ANALYSIS] fact_check: 0.737
2025-10-14 07:08:33,586 - multi_agent - INFO - [TASK_ANALYSIS] 查詢長度: 8, 醫療相似度: 0.757
2025-10-14 07:08:33,586 - multi_agent - INFO - [TASK_ANALYSIS] 識別為地點查詢 (信心度: 0.867, 優勢: 0.110, 關鍵字: True)
2025-10-14 07:08:33,879 - httpx - INFO - HTTP Request: POST https://api.openai.com/v1/embeddings "HTTP/1.1 200 OK"
2025-10-14 07:08:33,879 - multi_agent - INFO - [TASK_ANALYSIS] simple_greeting: 0.709
2025-10-14 07:08:33,880 - multi_agent - INFO - [TASK_ANALYSIS] simple_maps: 0.728
2025-10-14 07:08:33,880 - multi_agent - INFO - [TASK_ANALYSIS] chronic_disease: 0.824
2025-10-14 07:08:33,880 - multi_agent - INFO - [TASK_ANALYSIS] cardiovascular: 0.766
2025-10-14 07:08:33,880 - multi_agent - INFO - [TASK_ANALYSIS] fact_check: 0.719
2025-10-14 07:08:33,880 - multi_agent - INFO - [TASK_ANALYSIS] 查詢長度: 12, 醫療相似度: 0.824
2025-10-14 07:08:33,880 - multi_agent - INFO - [TASK_ANALYSIS] 識別為單一醫療專家: chronic_agent
2025-10-14 07:08:34,250 - httpx - INFO - HTTP Request: POST https://api.openai.com/v1/embeddings "HTTP/1.1 200 OK"
2025-10-14 07:08:34,251 - multi_agent - INFO - [TASK_ANALYSIS] simple_greeting: 0.734
2025-10-14 07:08:34,251 - multi_agent - INFO - [TASK_ANALYSIS] simple_maps: 0.753
2025-10-14 07:08:34,251 - multi_agent - INFO - [TASK_ANALYSIS] chronic_disease: 0.848
2025-10-14 07:08:34,251 - multi_agent - INFO - [TASK_ANALYSIS] cardiovascular: 0.853
2025-10-14 07:08:34,251 - multi_agent - INFO - [TASK_ANALYSIS] fact_check: 0.746
2025-10-14 07:08:34,251 - multi_agent - INFO - [TASK_ANALYSIS] 查詢長度: 9, 醫療相似度: 0.853
2025-10-14 07:08:34,251 - multi_agent - INFO - [TASK_ANALYSIS] 識別為單一醫療專家: cardiovascular_agent
================================================================================
地圖路由修正測試 - 完整流程
================================================================================

測試 1: 幫我找台北市的心臟科診所
說明: 包含「找」+ 地點名稱 + 醫療機構
預期: simple_maps
實際: simple_maps
相似度: maps=0.815, chronic=0.783, cardio=0.834
結果: [PASS]

測試 2: 幫我找離桃園夜市近的骨科診所
說明: 包含「找」+ 地標 + 醫療機構
預期: simple_maps
實際: simple_maps
相似度: maps=0.803, chronic=0.762, cardio=0.755
結果: [PASS]

測試 3: 台北車站附近有什麼醫院
說明: 包含「附近」+ 地點
預期: simple_maps
實際: simple_maps
相似度: maps=0.838, chronic=0.764, cardio=0.771
結果: [PASS]

測試 4: 最近的藥局在哪裡
說明: 包含「最近」+ 「在哪」
預期: simple_maps
實際: simple_maps
相似度: maps=0.867, chronic=0.757, cardio=0.754
結果: [PASS]

測試 5: 糖尿病患者可以吃什麼水果
說明: 純醫療諮詢，無地點查詢
預期: single_expert
實際: single_expert
相似度: maps=0.728, chronic=0.824, cardio=0.766
結果: [PASS]

測試 6: 高血壓的症狀有哪些
說明: 純醫療知識查詢
預期: single_expert
實際: single_expert
相似度: maps=0.753, chronic=0.848, cardio=0.853
結果: [PASS]

================================================================================
測試總結: 6 通過, 0 失敗, 總計 6
================================================================================
